======================================================================
DPPUv2 Engine Core v3.0
======================================================================
Started: 2026-02-11 08:41:42

  ======================================================================
  EXECUTION CONFIGURATION
  ======================================================================
  Mode: MX
  NY Variant: FULL
  ======================================================================
[08:41:42] STEP E4.1: Setup parameters and symbolic variables for Nil3xS1
  Mode: MX
  NY Variant: FULL
  Topology: Nil3xS1 (Heisenberg / Bianchi II)
  Basis: Orthonormal Frame (Left-Invariant)
  
  CONVENTIONS Compliance:
    - Structure constants: CONVENTIONS 3.2
    - Connection: General Koszul (CONVENTIONS 5)
    - Metric compatibility: Auto-verified by engine
  Mode MX: Mixed (T1 + T2)
  [SUCCESS] Setup complete
  Duration: 0.01s
[08:41:42] STEP E4.2: Define Frame Metric, Volume, and Structure Constants for Nil3xS1
  Setting up Frame Metric and Structure Constants...
  Frame metric: eta_ab = diag(1,1,1,1)
  Total volume: (2pi)^4 L R^3
  Structure constants (CONVENTIONS 3.2):
    [E_0, E_1] = (1/R) E_2
    => C^2_01 = -1/R, C^2_10 = +1/R
  Verifying structure constant antisymmetry...
  [SUCCESS] Structure constant antisymmetry: PASSED
  [SUCCESS] Metric and structure constants defined
  Duration: 0.01s
[08:41:42] STEP E4.3: Compute Frame Connection (Spin Connection) from Structure Constants via GENERAL Koszul Formula
  Computing Frame Connection Γ^a_bc via general Koszul formula...
    Gamma^0_{12} = 1/(2*R)
    Gamma^0_{21} = 1/(2*R)
    Gamma^1_{02} = -1/(2*R)
    Gamma^1_{20} = -1/(2*R)
    Gamma^2_{01} = -1/(2*R)
    Gamma^2_{10} = 1/(2*R)
    Metric compatibility (Γ_abc + Γ_bac = 0): VERIFIED
  [SUCCESS] Frame Connection computed
  Duration: 0.05s
[08:41:42] STEP E4.4: Construct Torsion Tensor in Frame Basis
  Constructing Torsion T_abc (Mode: MX)...
    Adding T1 (Axial/Antisymmetric)...
    Adding T2 (Vector Trace)...
  [SUCCESS] Torsion constructed
  Duration: 0.00s
[08:41:42] STEP E4.5: Compute Contortion K_abc in Frame Basis
  Computing Contortion...
  [SUCCESS] Contortion computed
  Duration: 0.02s
[08:41:42] STEP E4.6: Compute EC Connection
  Computing EC Connection...
  [SUCCESS] EC Connection computed
  Duration: 0.00s
[08:41:42] STEP E4.7: Compute Riemann Tensor R^a_bcd in Frame Basis
  Computing Riemann Tensor...
  Verifying Riemann antisymmetry (STRICT 3-level mode)...
  [SUCCESS] Riemann antisymmetry: PASSED (all PROVED_ZERO)
  [SUCCESS] Riemann Tensor computed and verified
  Duration: 0.15s
[08:41:42] STEP E4.8: Compute Ricci Scalar R = R^a_baa
  Computing Ricci Scalar...
  Ricci Scalar R = (-4*R**2*V**2 - 36*eta**2 - 3)/(6*R**2)
  Duration: 0.03s
[08:41:42] STEP E4.9: Compute Torsion Scalar T = T_{abc} T^{abc}
  Computing Torsion Scalar...
  Torsion Scalar T = 2*V**2/3 + 24*eta**2/R**2
  Duration: 0.00s
[08:41:42] STEP E4.10: Compute NY density (all 3 variants, then select)
  Computing Nieh-Yan Density (variant: FULL)...
    N_TT = -4*V*eta/R
    N_Ree = -2*V*eta/R
    N_full = N_TT - N_Ree = -2*V*eta/R
  >>> ADOPTED_NY: N_full
  [SUCCESS] NY computation complete (variant: FULL)
  Duration: 0.02s
[08:41:42] STEP E4.11: Construct Lagrangian
  Constructing Lagrangian...
  L = R/(2*kappa^2) + theta_NY*N
  Duration: 0.02s
[08:41:42] STEP E4.12: Integrate Action
  Integrating Action...
  Total Action = -4*pi**4*L*R*(4*R**2*V**2 + 24*R*V*eta*kappa**2*theta_NY + 36*eta**2 + 3)/(3*kappa**2)
  Duration: 0.01s
[08:41:42] STEP E4.13: Extract Potential V(r)
  Extracting Potential...
  Effective Potential V(r) = 4*pi**4*L*R*(4*R**2*V**2 + 24*R*V*eta*kappa**2*theta_NY + 36*eta**2 + 3)/(3*kappa**2)
  Duration: 0.00s
[08:41:42] STEP E4.14: Analyze Stability
  Stability Analysis...
  dV/dr = 4*pi**4*L*(4*R**2*V**2 + 16*R*V*eta*kappa**2*theta_NY + 12*eta**2 + 1)/kappa**2
  Duration: 0.03s
[08:41:42] STEP E4.15: Summary
  Computation complete. Check log for details.
  Duration: 0.00s

Completed: 2026-02-11 08:41:42
Total runtime: 0.3s (0.0 min)
